[1/100] uniform_floor seed=1 A_UniformMip0 ... cull_rate=0.473 FN=0 texels=16661834 PSNR=inf dB frame_us(mean)=4586.42
[2/100] uniform_floor seed=1 B_UniformMipGlobal ... cull_rate=0.537 FN=0 texels=16926 PSNR=inf dB frame_us(mean)=58.50
[3/100] uniform_floor seed=1 C_PerChunkStaticMip ... cull_rate=0.508 FN=0 texels=23236 PSNR=inf dB frame_us(mean)=59.97
[4/100] uniform_floor seed=1 D_PerChunkDynamicDispatch ... cull_rate=0.508 FN=0 texels=23236 PSNR=inf dB frame_us(mean)=59.00
[5/100] uniform_floor seed=7 A_UniformMip0 ... cull_rate=0.473 FN=0 texels=16661834 PSNR=inf dB frame_us(mean)=4128.10
[6/100] uniform_floor seed=7 B_UniformMipGlobal ... cull_rate=0.537 FN=0 texels=16926 PSNR=inf dB frame_us(mean)=43.21
[7/100] uniform_floor seed=7 C_PerChunkStaticMip ... cull_rate=0.508 FN=0 texels=23236 PSNR=inf dB frame_us(mean)=56.51
[8/100] uniform_floor seed=7 D_PerChunkDynamicDispatch ... cull_rate=0.508 FN=0 texels=23236 PSNR=inf dB frame_us(mean)=59.61
[9/100] uniform_floor seed=42 A_UniformMip0 ... cull_rate=0.473 FN=0 texels=16661834 PSNR=inf dB frame_us(mean)=3806.14
[10/100] uniform_floor seed=42 B_UniformMipGlobal ... cull_rate=0.537 FN=0 texels=16926 PSNR=inf dB frame_us(mean)=42.98
[11/100] uniform_floor seed=42 C_PerChunkStaticMip ... cull_rate=0.508 FN=0 texels=23236 PSNR=inf dB frame_us(mean)=57.48
[12/100] uniform_floor seed=42 D_PerChunkDynamicDispatch ... cull_rate=0.508 FN=0 texels=23236 PSNR=inf dB frame_us(mean)=59.55
[13/100] uniform_floor seed=1234 A_UniformMip0 ... cull_rate=0.473 FN=0 texels=16661834 PSNR=inf dB frame_us(mean)=3780.24
[14/100] uniform_floor seed=1234 B_UniformMipGlobal ... cull_rate=0.537 FN=0 texels=16926 PSNR=inf dB frame_us(mean)=44.07
[15/100] uniform_floor seed=1234 C_PerChunkStaticMip ... cull_rate=0.508 FN=0 texels=23236 PSNR=inf dB frame_us(mean)=57.84
[16/100] uniform_floor seed=1234 D_PerChunkDynamicDispatch ... cull_rate=0.508 FN=0 texels=23236 PSNR=inf dB frame_us(mean)=60.83
[17/100] uniform_floor seed=31337 A_UniformMip0 ... cull_rate=0.473 FN=0 texels=16661834 PSNR=inf dB frame_us(mean)=3877.45
[18/100] uniform_floor seed=31337 B_UniformMipGlobal ... cull_rate=0.537 FN=0 texels=16926 PSNR=inf dB frame_us(mean)=44.37
[19/100] uniform_floor seed=31337 C_PerChunkStaticMip ... cull_rate=0.508 FN=0 texels=23236 PSNR=inf dB frame_us(mean)=57.35
[20/100] uniform_floor seed=31337 D_PerChunkDynamicDispatch ... cull_rate=0.508 FN=0 texels=23236 PSNR=inf dB frame_us(mean)=59.82
[21/100] forest_floor seed=1 A_UniformMip0 ... cull_rate=0.274 FN=0 texels=9601734 PSNR=inf dB frame_us(mean)=2364.05
[22/100] forest_floor seed=1 B_UniformMipGlobal ... cull_rate=0.320 FN=0 texels=10182 PSNR=inf dB frame_us(mean)=43.12
[23/100] forest_floor seed=1 C_PerChunkStaticMip ... cull_rate=0.306 FN=0 texels=13972 PSNR=inf dB frame_us(mean)=46.53
[24/100] forest_floor seed=1 D_PerChunkDynamicDispatch ... cull_rate=0.306 FN=0 texels=13972 PSNR=inf dB frame_us(mean)=46.71
[25/100] forest_floor seed=7 A_UniformMip0 ... cull_rate=0.296 FN=0 texels=9863500 PSNR=inf dB frame_us(mean)=2333.81
[26/100] forest_floor seed=7 B_UniformMipGlobal ... cull_rate=0.316 FN=0 texels=39413 PSNR=inf dB frame_us(mean)=46.40
[27/100] forest_floor seed=7 C_PerChunkStaticMip ... cull_rate=0.324 FN=0 texels=14528 PSNR=inf dB frame_us(mean)=49.35
[28/100] forest_floor seed=7 D_PerChunkDynamicDispatch ... cull_rate=0.324 FN=0 texels=14528 PSNR=inf dB frame_us(mean)=48.15
[29/100] forest_floor seed=42 A_UniformMip0 ... cull_rate=0.289 FN=0 texels=10302521 PSNR=inf dB frame_us(mean)=2629.61
[30/100] forest_floor seed=42 B_UniformMipGlobal ... cull_rate=0.336 FN=0 texels=10861 PSNR=inf dB frame_us(mean)=38.80
[31/100] forest_floor seed=42 C_PerChunkStaticMip ... cull_rate=0.322 FN=0 texels=14472 PSNR=inf dB frame_us(mean)=56.85
[32/100] forest_floor seed=42 D_PerChunkDynamicDispatch ... cull_rate=0.322 FN=0 texels=14472 PSNR=inf dB frame_us(mean)=58.56
[33/100] forest_floor seed=1234 A_UniformMip0 ... cull_rate=0.301 FN=0 texels=10499900 PSNR=inf dB frame_us(mean)=2612.48
[34/100] forest_floor seed=1234 B_UniformMipGlobal ... cull_rate=0.343 FN=1 texels=11046 PSNR=30.10 dB frame_us(mean)=37.76
[35/100] forest_floor seed=1234 C_PerChunkStaticMip ... cull_rate=0.325 FN=1 texels=14862 PSNR=30.10 dB frame_us(mean)=48.79
[36/100] forest_floor seed=1234 D_PerChunkDynamicDispatch ... cull_rate=0.325 FN=1 texels=14862 PSNR=30.10 dB frame_us(mean)=48.06
[37/100] forest_floor seed=31337 A_UniformMip0 ... cull_rate=0.287 FN=0 texels=10047220 PSNR=inf dB frame_us(mean)=2468.52
[38/100] forest_floor seed=31337 B_UniformMipGlobal ... cull_rate=0.332 FN=0 texels=10609 PSNR=inf dB frame_us(mean)=40.12
[39/100] forest_floor seed=31337 C_PerChunkStaticMip ... cull_rate=0.315 FN=0 texels=14460 PSNR=inf dB frame_us(mean)=48.01
[40/100] forest_floor seed=31337 D_PerChunkDynamicDispatch ... cull_rate=0.315 FN=0 texels=14460 PSNR=inf dB frame_us(mean)=49.31
[41/100] cave_stress seed=1 A_UniformMip0 ... cull_rate=0.449 FN=0 texels=8184882 PSNR=inf dB frame_us(mean)=1923.19
[42/100] cave_stress seed=1 B_UniformMipGlobal ... cull_rate=0.508 FN=0 texels=8310 PSNR=inf dB frame_us(mean)=21.37
[43/100] cave_stress seed=1 C_PerChunkStaticMip ... cull_rate=0.478 FN=0 texels=11276 PSNR=inf dB frame_us(mean)=26.72
[44/100] cave_stress seed=1 D_PerChunkDynamicDispatch ... cull_rate=0.478 FN=0 texels=11276 PSNR=inf dB frame_us(mean)=28.02
[45/100] cave_stress seed=7 A_UniformMip0 ... cull_rate=0.454 FN=0 texels=7614698 PSNR=inf dB frame_us(mean)=1987.81
[46/100] cave_stress seed=7 B_UniformMipGlobal ... cull_rate=0.485 FN=0 texels=7766 PSNR=inf dB frame_us(mean)=21.84
[47/100] cave_stress seed=7 C_PerChunkStaticMip ... cull_rate=0.466 FN=0 texels=10916 PSNR=inf dB frame_us(mean)=28.68
[48/100] cave_stress seed=7 D_PerChunkDynamicDispatch ... cull_rate=0.466 FN=0 texels=10916 PSNR=inf dB frame_us(mean)=27.26
[49/100] cave_stress seed=42 A_UniformMip0 ... cull_rate=0.467 FN=0 texels=8693767 PSNR=inf dB frame_us(mean)=1895.64
[50/100] cave_stress seed=42 B_UniformMipGlobal ... cull_rate=0.508 FN=0 texels=8828 PSNR=inf dB frame_us(mean)=21.25
[51/100] cave_stress seed=42 C_PerChunkStaticMip ... cull_rate=0.485 FN=0 texels=11427 PSNR=inf dB frame_us(mean)=29.33
[52/100] cave_stress seed=42 D_PerChunkDynamicDispatch ... cull_rate=0.485 FN=0 texels=11427 PSNR=inf dB frame_us(mean)=28.38
[53/100] cave_stress seed=1234 A_UniformMip0 ... cull_rate=0.461 FN=0 texels=8350376 PSNR=inf dB frame_us(mean)=1999.02
[54/100] cave_stress seed=1234 B_UniformMipGlobal ... cull_rate=0.530 FN=0 texels=8502 PSNR=inf dB frame_us(mean)=26.45
[55/100] cave_stress seed=1234 C_PerChunkStaticMip ... cull_rate=0.496 FN=0 texels=12290 PSNR=inf dB frame_us(mean)=32.75
[56/100] cave_stress seed=1234 D_PerChunkDynamicDispatch ... cull_rate=0.496 FN=0 texels=12290 PSNR=inf dB frame_us(mean)=30.39
[57/100] cave_stress seed=31337 A_UniformMip0 ... cull_rate=0.463 FN=0 texels=7969593 PSNR=inf dB frame_us(mean)=2099.63
[58/100] cave_stress seed=31337 B_UniformMipGlobal ... cull_rate=0.521 FN=0 texels=8109 PSNR=inf dB frame_us(mean)=21.07
[59/100] cave_stress seed=31337 C_PerChunkStaticMip ... cull_rate=0.489 FN=0 texels=11389 PSNR=inf dB frame_us(mean)=27.43
[60/100] cave_stress seed=31337 D_PerChunkDynamicDispatch ... cull_rate=0.489 FN=0 texels=11389 PSNR=inf dB frame_us(mean)=27.51
[61/100] mixed_biome seed=1 A_UniformMip0 ... cull_rate=0.258 FN=0 texels=7081693 PSNR=inf dB frame_us(mean)=1569.37
[62/100] mixed_biome seed=1 B_UniformMipGlobal ... cull_rate=0.287 FN=0 texels=28293 PSNR=inf dB frame_us(mean)=36.14
[63/100] mixed_biome seed=1 C_PerChunkStaticMip ... cull_rate=0.291 FN=0 texels=9913 PSNR=inf dB frame_us(mean)=34.50
[64/100] mixed_biome seed=1 D_PerChunkDynamicDispatch ... cull_rate=0.291 FN=0 texels=9913 PSNR=inf dB frame_us(mean)=32.72
[65/100] mixed_biome seed=7 A_UniformMip0 ... cull_rate=0.228 FN=0 texels=7174548 PSNR=inf dB frame_us(mean)=1614.69
[66/100] mixed_biome seed=7 B_UniformMipGlobal ... cull_rate=0.274 FN=0 texels=7583 PSNR=inf dB frame_us(mean)=24.62
[67/100] mixed_biome seed=7 C_PerChunkStaticMip ... cull_rate=0.266 FN=0 texels=9343 PSNR=inf dB frame_us(mean)=31.54
[68/100] mixed_biome seed=7 D_PerChunkDynamicDispatch ... cull_rate=0.266 FN=0 texels=9343 PSNR=inf dB frame_us(mean)=32.70
[69/100] mixed_biome seed=42 A_UniformMip0 ... cull_rate=0.235 FN=0 texels=6339815 PSNR=inf dB frame_us(mean)=1546.29
[70/100] mixed_biome seed=42 B_UniformMipGlobal ... cull_rate=0.279 FN=0 texels=6758 PSNR=inf dB frame_us(mean)=32.37
[71/100] mixed_biome seed=42 C_PerChunkStaticMip ... cull_rate=0.256 FN=0 texels=9188 PSNR=inf dB frame_us(mean)=33.18
[72/100] mixed_biome seed=42 D_PerChunkDynamicDispatch ... cull_rate=0.256 FN=0 texels=9188 PSNR=inf dB frame_us(mean)=32.58
[73/100] mixed_biome seed=1234 A_UniformMip0 ... cull_rate=0.263 FN=0 texels=6983192 PSNR=inf dB frame_us(mean)=1801.95
[74/100] mixed_biome seed=1234 B_UniformMipGlobal ... cull_rate=0.303 FN=0 texels=7391 PSNR=inf dB frame_us(mean)=25.13
[75/100] mixed_biome seed=1234 C_PerChunkStaticMip ... cull_rate=0.290 FN=0 texels=9347 PSNR=inf dB frame_us(mean)=30.70
[76/100] mixed_biome seed=1234 D_PerChunkDynamicDispatch ... cull_rate=0.290 FN=0 texels=9347 PSNR=inf dB frame_us(mean)=31.27
[77/100] mixed_biome seed=31337 A_UniformMip0 ... cull_rate=0.265 FN=0 texels=6971086 PSNR=inf dB frame_us(mean)=1697.19
[78/100] mixed_biome seed=31337 B_UniformMipGlobal ... cull_rate=0.309 FN=0 texels=7376 PSNR=inf dB frame_us(mean)=25.95
[79/100] mixed_biome seed=31337 C_PerChunkStaticMip ... cull_rate=0.294 FN=0 texels=9296 PSNR=inf dB frame_us(mean)=35.54
[80/100] mixed_biome seed=31337 D_PerChunkDynamicDispatch ... cull_rate=0.294 FN=0 texels=9296 PSNR=inf dB frame_us(mean)=30.67
[81/100] view_dolly_stress seed=1 A_UniformMip0 ... cull_rate=0.185 FN=0 texels=11110929 PSNR=inf dB frame_us(mean)=1922.29
[82/100] view_dolly_stress seed=1 B_UniformMipGlobal ... cull_rate=0.196 FN=2 texels=11559 PSNR=26.07 dB frame_us(mean)=30.43
[83/100] view_dolly_stress seed=1 C_PerChunkStaticMip ... cull_rate=0.196 FN=2 texels=7467 PSNR=26.07 dB frame_us(mean)=31.51
[84/100] view_dolly_stress seed=1 D_PerChunkDynamicDispatch ... cull_rate=0.196 FN=2 texels=7467 PSNR=26.07 dB frame_us(mean)=28.47
[85/100] view_dolly_stress seed=7 A_UniformMip0 ... cull_rate=0.194 FN=0 texels=11900598 PSNR=inf dB frame_us(mean)=1940.95
[86/100] view_dolly_stress seed=7 B_UniformMipGlobal ... cull_rate=0.204 FN=1 texels=12348 PSNR=29.19 dB frame_us(mean)=23.44
[87/100] view_dolly_stress seed=7 C_PerChunkStaticMip ... cull_rate=0.204 FN=1 texels=7637 PSNR=29.19 dB frame_us(mean)=27.62
[88/100] view_dolly_stress seed=7 D_PerChunkDynamicDispatch ... cull_rate=0.204 FN=1 texels=7637 PSNR=29.19 dB frame_us(mean)=32.47
[89/100] view_dolly_stress seed=42 A_UniformMip0 ... cull_rate=0.189 FN=0 texels=11806278 PSNR=inf dB frame_us(mean)=1751.22
[90/100] view_dolly_stress seed=42 B_UniformMipGlobal ... cull_rate=0.197 FN=2 texels=12261 PSNR=26.19 dB frame_us(mean)=28.53
[91/100] view_dolly_stress seed=42 C_PerChunkStaticMip ... cull_rate=0.197 FN=2 texels=7538 PSNR=26.19 dB frame_us(mean)=26.04
[92/100] view_dolly_stress seed=42 D_PerChunkDynamicDispatch ... cull_rate=0.197 FN=2 texels=7538 PSNR=26.19 dB frame_us(mean)=26.04
[93/100] view_dolly_stress seed=1234 A_UniformMip0 ... cull_rate=0.197 FN=0 texels=12396895 PSNR=inf dB frame_us(mean)=1896.33
[94/100] view_dolly_stress seed=1234 B_UniformMipGlobal ... cull_rate=0.207 FN=1 texels=12840 PSNR=29.25 dB frame_us(mean)=24.13
[95/100] view_dolly_stress seed=1234 C_PerChunkStaticMip ... cull_rate=0.207 FN=1 texels=8040 PSNR=29.25 dB frame_us(mean)=26.89
[96/100] view_dolly_stress seed=1234 D_PerChunkDynamicDispatch ... cull_rate=0.207 FN=1 texels=8040 PSNR=29.25 dB frame_us(mean)=27.52
[97/100] view_dolly_stress seed=31337 A_UniformMip0 ... cull_rate=0.195 FN=0 texels=11642327 PSNR=inf dB frame_us(mean)=1879.12
[98/100] view_dolly_stress seed=31337 B_UniformMipGlobal ... cull_rate=0.204 FN=2 texels=12084 PSNR=26.11 dB frame_us(mean)=25.56
[99/100] view_dolly_stress seed=31337 C_PerChunkStaticMip ... cull_rate=0.204 FN=2 texels=7646 PSNR=26.11 dB frame_us(mean)=26.19
[100/100] view_dolly_stress seed=31337 D_PerChunkDynamicDispatch ... cull_rate=0.204 FN=2 texels=7646 PSNR=26.11 dB frame_us(mean)=26.22

Done. Results: /home/le1t/Projects/ProjectV/docs/experiments/experiments/2026-06-21-hzb-smart-mip-select/prototype/results.csv
