2026-06-21-electronic-warfare-jamming — prototype benchmark
C++26 CPU analytical model; Clang -O3 -march=native target
5 strategies x 5 scenes x 5 seeds x 1000 iter = 125,000 main measurements

[A_NoJamming] [small_engagement_5v5] seed=1: wall=404.5 ns, det=100.0%, comms=0.0%, bt=1000000000 m, pwr=0.00 W, ft=0.0
[A_NoJamming] [small_engagement_5v5] seed=2: wall=348.0 ns, det=100.0%, comms=0.0%, bt=1000000000 m, pwr=0.00 W, ft=0.0
[A_NoJamming] [small_engagement_5v5] seed=3: wall=349.3 ns, det=100.0%, comms=0.0%, bt=1000000000 m, pwr=0.00 W, ft=0.0
[A_NoJamming] [small_engagement_5v5] seed=4: wall=342.7 ns, det=100.0%, comms=0.0%, bt=1000000000 m, pwr=0.00 W, ft=0.0
[A_NoJamming] [small_engagement_5v5] seed=5: wall=353.4 ns, det=100.0%, comms=0.0%, bt=1000000000 m, pwr=0.00 W, ft=0.0
[A_NoJamming] [air_defense_battery_3r1j] seed=1: wall=95.3 ns, det=100.0%, comms=0.0%, bt=1000000000 m, pwr=0.00 W, ft=0.0
[A_NoJamming] [air_defense_battery_3r1j] seed=2: wall=93.4 ns, det=100.0%, comms=0.0%, bt=1000000000 m, pwr=0.00 W, ft=0.0
[A_NoJamming] [air_defense_battery_3r1j] seed=3: wall=92.2 ns, det=100.0%, comms=0.0%, bt=1000000000 m, pwr=0.00 W, ft=0.0
[A_NoJamming] [air_defense_battery_3r1j] seed=4: wall=121.0 ns, det=100.0%, comms=0.0%, bt=1000000000 m, pwr=0.00 W, ft=0.0
[A_NoJamming] [air_defense_battery_3r1j] seed=5: wall=140.4 ns, det=100.0%, comms=0.0%, bt=1000000000 m, pwr=0.00 W, ft=0.0
[A_NoJamming] [strike_package_5a3j_escort] seed=1: wall=329.8 ns, det=100.0%, comms=0.0%, bt=1000000000 m, pwr=0.00 W, ft=0.0
[A_NoJamming] [strike_package_5a3j_escort] seed=2: wall=328.3 ns, det=100.0%, comms=0.0%, bt=1000000000 m, pwr=0.00 W, ft=0.0
[A_NoJamming] [strike_package_5a3j_escort] seed=3: wall=226.8 ns, det=100.0%, comms=0.0%, bt=1000000000 m, pwr=0.00 W, ft=0.0
[A_NoJamming] [strike_package_5a3j_escort] seed=4: wall=222.2 ns, det=100.0%, comms=0.0%, bt=1000000000 m, pwr=0.00 W, ft=0.0
[A_NoJamming] [strike_package_5a3j_escort] seed=5: wall=229.2 ns, det=100.0%, comms=0.0%, bt=1000000000 m, pwr=0.00 W, ft=0.0
[A_NoJamming] [ground_force_defense_10j5r] seed=1: wall=666.3 ns, det=100.0%, comms=0.0%, bt=1000000000 m, pwr=0.00 W, ft=0.0
[A_NoJamming] [ground_force_defense_10j5r] seed=2: wall=675.2 ns, det=100.0%, comms=0.0%, bt=1000000000 m, pwr=0.00 W, ft=0.0
[A_NoJamming] [ground_force_defense_10j5r] seed=3: wall=744.6 ns, det=100.0%, comms=0.0%, bt=1000000000 m, pwr=0.00 W, ft=0.0
[A_NoJamming] [ground_force_defense_10j5r] seed=4: wall=621.2 ns, det=100.0%, comms=0.0%, bt=1000000000 m, pwr=0.00 W, ft=0.0
[A_NoJamming] [ground_force_defense_10j5r] seed=5: wall=630.7 ns, det=100.0%, comms=0.0%, bt=1000000000 m, pwr=0.00 W, ft=0.0
[A_NoJamming] [ew_duel_2j2r_freq_agile] seed=1: wall=181.2 ns, det=100.0%, comms=0.0%, bt=1000000000 m, pwr=0.00 W, ft=0.0
[A_NoJamming] [ew_duel_2j2r_freq_agile] seed=2: wall=151.8 ns, det=100.0%, comms=0.0%, bt=1000000000 m, pwr=0.00 W, ft=0.0
[A_NoJamming] [ew_duel_2j2r_freq_agile] seed=3: wall=145.3 ns, det=100.0%, comms=0.0%, bt=1000000000 m, pwr=0.00 W, ft=0.0
[A_NoJamming] [ew_duel_2j2r_freq_agile] seed=4: wall=145.1 ns, det=100.0%, comms=0.0%, bt=1000000000 m, pwr=0.00 W, ft=0.0
[A_NoJamming] [ew_duel_2j2r_freq_agile] seed=5: wall=145.4 ns, det=100.0%, comms=0.0%, bt=1000000000 m, pwr=0.00 W, ft=0.0
[B_NoiseBarrage] [small_engagement_5v5] seed=1: wall=392.9 ns, det=15.0%, comms=1.2%, bt=151 m, pwr=25.00 W, ft=0.0
[B_NoiseBarrage] [small_engagement_5v5] seed=2: wall=372.1 ns, det=15.0%, comms=0.9%, bt=151 m, pwr=25.00 W, ft=0.0
[B_NoiseBarrage] [small_engagement_5v5] seed=3: wall=343.1 ns, det=15.0%, comms=4.1%, bt=151 m, pwr=25.00 W, ft=0.0
[B_NoiseBarrage] [small_engagement_5v5] seed=4: wall=337.2 ns, det=15.0%, comms=4.8%, bt=151 m, pwr=25.00 W, ft=0.0
[B_NoiseBarrage] [small_engagement_5v5] seed=5: wall=382.1 ns, det=15.0%, comms=1.2%, bt=151 m, pwr=25.00 W, ft=0.0
[B_NoiseBarrage] [air_defense_battery_3r1j] seed=1: wall=95.3 ns, det=15.0%, comms=2.8%, bt=169 m, pwr=30.00 W, ft=0.0
[B_NoiseBarrage] [air_defense_battery_3r1j] seed=2: wall=92.3 ns, det=15.0%, comms=2.7%, bt=169 m, pwr=30.00 W, ft=0.0
[B_NoiseBarrage] [air_defense_battery_3r1j] seed=3: wall=93.5 ns, det=15.0%, comms=2.7%, bt=169 m, pwr=30.00 W, ft=0.0
[B_NoiseBarrage] [air_defense_battery_3r1j] seed=4: wall=93.3 ns, det=15.0%, comms=2.8%, bt=169 m, pwr=30.00 W, ft=0.0
[B_NoiseBarrage] [air_defense_battery_3r1j] seed=5: wall=93.6 ns, det=15.0%, comms=2.7%, bt=169 m, pwr=30.00 W, ft=0.0
[B_NoiseBarrage] [strike_package_5a3j_escort] seed=1: wall=240.4 ns, det=15.0%, comms=0.4%, bt=83 m, pwr=75.00 W, ft=0.0
[B_NoiseBarrage] [strike_package_5a3j_escort] seed=2: wall=314.6 ns, det=15.0%, comms=0.4%, bt=83 m, pwr=75.00 W, ft=0.0
[B_NoiseBarrage] [strike_package_5a3j_escort] seed=3: wall=257.9 ns, det=15.0%, comms=0.4%, bt=83 m, pwr=75.00 W, ft=0.0
[B_NoiseBarrage] [strike_package_5a3j_escort] seed=4: wall=220.7 ns, det=15.0%, comms=0.4%, bt=83 m, pwr=75.00 W, ft=0.0
[B_NoiseBarrage] [strike_package_5a3j_escort] seed=5: wall=272.8 ns, det=15.0%, comms=0.4%, bt=83 m, pwr=75.00 W, ft=0.0
[B_NoiseBarrage] [ground_force_defense_10j5r] seed=1: wall=629.6 ns, det=15.0%, comms=11.9%, bt=107 m, pwr=100.00 W, ft=0.0
[B_NoiseBarrage] [ground_force_defense_10j5r] seed=2: wall=649.0 ns, det=15.0%, comms=9.1%, bt=107 m, pwr=100.00 W, ft=0.0
[B_NoiseBarrage] [ground_force_defense_10j5r] seed=3: wall=660.6 ns, det=15.0%, comms=10.9%, bt=107 m, pwr=100.00 W, ft=0.0
[B_NoiseBarrage] [ground_force_defense_10j5r] seed=4: wall=646.8 ns, det=15.0%, comms=7.9%, bt=107 m, pwr=100.00 W, ft=0.0
[B_NoiseBarrage] [ground_force_defense_10j5r] seed=5: wall=674.2 ns, det=15.0%, comms=4.9%, bt=107 m, pwr=100.00 W, ft=0.0
[B_NoiseBarrage] [ew_duel_2j2r_freq_agile] seed=1: wall=174.3 ns, det=15.0%, comms=0.1%, bt=75 m, pwr=32.00 W, ft=0.0
[B_NoiseBarrage] [ew_duel_2j2r_freq_agile] seed=2: wall=275.7 ns, det=15.0%, comms=0.1%, bt=75 m, pwr=32.00 W, ft=0.0
[B_NoiseBarrage] [ew_duel_2j2r_freq_agile] seed=3: wall=189.0 ns, det=15.0%, comms=0.1%, bt=75 m, pwr=32.00 W, ft=0.0
[B_NoiseBarrage] [ew_duel_2j2r_freq_agile] seed=4: wall=145.5 ns, det=15.0%, comms=0.1%, bt=75 m, pwr=32.00 W, ft=0.0
[B_NoiseBarrage] [ew_duel_2j2r_freq_agile] seed=5: wall=146.6 ns, det=15.0%, comms=0.1%, bt=75 m, pwr=32.00 W, ft=0.0
[C_DirectedSpot] [small_engagement_5v5] seed=1: wall=345.7 ns, det=15.0%, comms=0.0%, bt=126 m, pwr=25.00 W, ft=0.0
[C_DirectedSpot] [small_engagement_5v5] seed=2: wall=346.4 ns, det=15.0%, comms=0.0%, bt=126 m, pwr=25.00 W, ft=0.0
[C_DirectedSpot] [small_engagement_5v5] seed=3: wall=378.1 ns, det=15.0%, comms=0.0%, bt=126 m, pwr=25.00 W, ft=0.0
[C_DirectedSpot] [small_engagement_5v5] seed=4: wall=361.5 ns, det=15.0%, comms=0.0%, bt=126 m, pwr=25.00 W, ft=0.0
[C_DirectedSpot] [small_engagement_5v5] seed=5: wall=367.7 ns, det=15.0%, comms=0.0%, bt=126 m, pwr=25.00 W, ft=0.0
[C_DirectedSpot] [air_defense_battery_3r1j] seed=1: wall=92.7 ns, det=15.0%, comms=0.0%, bt=1152 m, pwr=30.00 W, ft=0.0
[C_DirectedSpot] [air_defense_battery_3r1j] seed=2: wall=93.5 ns, det=15.0%, comms=0.0%, bt=1152 m, pwr=30.00 W, ft=0.0
[C_DirectedSpot] [air_defense_battery_3r1j] seed=3: wall=97.0 ns, det=15.0%, comms=0.0%, bt=1152 m, pwr=30.00 W, ft=0.0
[C_DirectedSpot] [air_defense_battery_3r1j] seed=4: wall=101.4 ns, det=15.0%, comms=0.0%, bt=1152 m, pwr=30.00 W, ft=0.0
[C_DirectedSpot] [air_defense_battery_3r1j] seed=5: wall=96.3 ns, det=15.0%, comms=0.0%, bt=1152 m, pwr=30.00 W, ft=0.0
[C_DirectedSpot] [strike_package_5a3j_escort] seed=1: wall=299.3 ns, det=15.0%, comms=0.0%, bt=69 m, pwr=75.00 W, ft=0.0
[C_DirectedSpot] [strike_package_5a3j_escort] seed=2: wall=348.2 ns, det=15.0%, comms=0.0%, bt=69 m, pwr=75.00 W, ft=0.0
[C_DirectedSpot] [strike_package_5a3j_escort] seed=3: wall=356.0 ns, det=15.0%, comms=0.0%, bt=69 m, pwr=75.00 W, ft=0.0
[C_DirectedSpot] [strike_package_5a3j_escort] seed=4: wall=408.0 ns, det=15.0%, comms=0.0%, bt=69 m, pwr=75.00 W, ft=0.0
[C_DirectedSpot] [strike_package_5a3j_escort] seed=5: wall=236.5 ns, det=15.0%, comms=0.0%, bt=69 m, pwr=75.00 W, ft=0.0
[C_DirectedSpot] [ground_force_defense_10j5r] seed=1: wall=669.9 ns, det=15.0%, comms=0.0%, bt=399 m, pwr=100.00 W, ft=0.0
[C_DirectedSpot] [ground_force_defense_10j5r] seed=2: wall=629.2 ns, det=15.0%, comms=0.0%, bt=399 m, pwr=100.00 W, ft=0.0
[C_DirectedSpot] [ground_force_defense_10j5r] seed=3: wall=645.0 ns, det=15.0%, comms=0.0%, bt=399 m, pwr=100.00 W, ft=0.0
[C_DirectedSpot] [ground_force_defense_10j5r] seed=4: wall=669.4 ns, det=15.0%, comms=0.0%, bt=399 m, pwr=100.00 W, ft=0.0
[C_DirectedSpot] [ground_force_defense_10j5r] seed=5: wall=644.3 ns, det=15.0%, comms=0.0%, bt=399 m, pwr=100.00 W, ft=0.0
[C_DirectedSpot] [ew_duel_2j2r_freq_agile] seed=1: wall=245.2 ns, det=15.0%, comms=0.0%, bt=515 m, pwr=32.00 W, ft=0.0
[C_DirectedSpot] [ew_duel_2j2r_freq_agile] seed=2: wall=185.3 ns, det=15.0%, comms=0.0%, bt=515 m, pwr=32.00 W, ft=0.0
[C_DirectedSpot] [ew_duel_2j2r_freq_agile] seed=3: wall=168.5 ns, det=15.0%, comms=0.0%, bt=515 m, pwr=32.00 W, ft=0.0
[C_DirectedSpot] [ew_duel_2j2r_freq_agile] seed=4: wall=175.9 ns, det=15.0%, comms=0.0%, bt=515 m, pwr=32.00 W, ft=0.0
[C_DirectedSpot] [ew_duel_2j2r_freq_agile] seed=5: wall=171.8 ns, det=15.0%, comms=0.0%, bt=515 m, pwr=32.00 W, ft=0.0
[D_DeceptionDRFM] [small_engagement_5v5] seed=1: wall=393.8 ns, det=15.0%, comms=0.4%, bt=115 m, pwr=25.00 W, ft=577380.0
[D_DeceptionDRFM] [small_engagement_5v5] seed=2: wall=382.3 ns, det=15.0%, comms=0.4%, bt=115 m, pwr=25.00 W, ft=531275.0
[D_DeceptionDRFM] [small_engagement_5v5] seed=3: wall=389.1 ns, det=15.0%, comms=0.7%, bt=115 m, pwr=25.00 W, ft=401971.0
[D_DeceptionDRFM] [small_engagement_5v5] seed=4: wall=395.9 ns, det=15.0%, comms=0.3%, bt=115 m, pwr=25.00 W, ft=556783.0
[D_DeceptionDRFM] [small_engagement_5v5] seed=5: wall=433.8 ns, det=15.0%, comms=0.3%, bt=115 m, pwr=25.00 W, ft=781487.0
[D_DeceptionDRFM] [air_defense_battery_3r1j] seed=1: wall=99.3 ns, det=15.0%, comms=0.9%, bt=154 m, pwr=30.00 W, ft=16726.0
[D_DeceptionDRFM] [air_defense_battery_3r1j] seed=2: wall=97.8 ns, det=15.0%, comms=0.9%, bt=154 m, pwr=30.00 W, ft=16497.0
[D_DeceptionDRFM] [air_defense_battery_3r1j] seed=3: wall=110.3 ns, det=15.0%, comms=0.9%, bt=154 m, pwr=30.00 W, ft=16298.0
[D_DeceptionDRFM] [air_defense_battery_3r1j] seed=4: wall=146.7 ns, det=15.0%, comms=0.9%, bt=154 m, pwr=30.00 W, ft=16366.0
[D_DeceptionDRFM] [air_defense_battery_3r1j] seed=5: wall=113.7 ns, det=15.0%, comms=0.9%, bt=154 m, pwr=30.00 W, ft=16864.0
[D_DeceptionDRFM] [strike_package_5a3j_escort] seed=1: wall=231.3 ns, det=15.0%, comms=0.1%, bt=63 m, pwr=75.00 W, ft=2934743.0
[D_DeceptionDRFM] [strike_package_5a3j_escort] seed=2: wall=252.9 ns, det=15.0%, comms=0.1%, bt=63 m, pwr=75.00 W, ft=2733390.0
[D_DeceptionDRFM] [strike_package_5a3j_escort] seed=3: wall=224.7 ns, det=15.0%, comms=0.1%, bt=63 m, pwr=75.00 W, ft=2825221.0
[D_DeceptionDRFM] [strike_package_5a3j_escort] seed=4: wall=304.6 ns, det=15.0%, comms=0.1%, bt=63 m, pwr=75.00 W, ft=2846729.0
[D_DeceptionDRFM] [strike_package_5a3j_escort] seed=5: wall=230.0 ns, det=15.0%, comms=0.1%, bt=63 m, pwr=75.00 W, ft=3030378.0
[D_DeceptionDRFM] [ground_force_defense_10j5r] seed=1: wall=931.2 ns, det=15.0%, comms=2.1%, bt=81 m, pwr=100.00 W, ft=501863.0
[D_DeceptionDRFM] [ground_force_defense_10j5r] seed=2: wall=703.0 ns, det=15.0%, comms=2.6%, bt=81 m, pwr=100.00 W, ft=425549.0
[D_DeceptionDRFM] [ground_force_defense_10j5r] seed=3: wall=642.1 ns, det=15.0%, comms=4.0%, bt=81 m, pwr=100.00 W, ft=404295.0
[D_DeceptionDRFM] [ground_force_defense_10j5r] seed=4: wall=649.2 ns, det=15.0%, comms=3.7%, bt=81 m, pwr=100.00 W, ft=522592.0
[D_DeceptionDRFM] [ground_force_defense_10j5r] seed=5: wall=686.9 ns, det=15.0%, comms=2.2%, bt=81 m, pwr=100.00 W, ft=525031.0
[D_DeceptionDRFM] [ew_duel_2j2r_freq_agile] seed=1: wall=146.6 ns, det=15.0%, comms=0.0%, bt=69 m, pwr=32.00 W, ft=2424807.0
[D_DeceptionDRFM] [ew_duel_2j2r_freq_agile] seed=2: wall=145.9 ns, det=15.0%, comms=0.1%, bt=69 m, pwr=32.00 W, ft=2144299.0
[D_DeceptionDRFM] [ew_duel_2j2r_freq_agile] seed=3: wall=147.0 ns, det=15.0%, comms=0.1%, bt=69 m, pwr=32.00 W, ft=1883207.0
[D_DeceptionDRFM] [ew_duel_2j2r_freq_agile] seed=4: wall=176.1 ns, det=15.0%, comms=0.1%, bt=69 m, pwr=32.00 W, ft=3370203.0
[D_DeceptionDRFM] [ew_duel_2j2r_freq_agile] seed=5: wall=161.8 ns, det=15.0%, comms=0.0%, bt=69 m, pwr=32.00 W, ft=3674770.0
[E_HybridBarrageDeception] [small_engagement_5v5] seed=1: wall=353.5 ns, det=15.0%, comms=2.6%, bt=129 m, pwr=25.00 W, ft=263684.0
[E_HybridBarrageDeception] [small_engagement_5v5] seed=2: wall=348.9 ns, det=15.0%, comms=2.0%, bt=129 m, pwr=25.00 W, ft=731839.0
[E_HybridBarrageDeception] [small_engagement_5v5] seed=3: wall=391.6 ns, det=15.0%, comms=0.8%, bt=129 m, pwr=25.00 W, ft=403535.0
[E_HybridBarrageDeception] [small_engagement_5v5] seed=4: wall=378.0 ns, det=15.0%, comms=0.8%, bt=129 m, pwr=25.00 W, ft=434854.0
[E_HybridBarrageDeception] [small_engagement_5v5] seed=5: wall=344.3 ns, det=15.0%, comms=1.0%, bt=129 m, pwr=25.00 W, ft=385707.0
[E_HybridBarrageDeception] [air_defense_battery_3r1j] seed=1: wall=94.0 ns, det=15.0%, comms=2.2%, bt=145 m, pwr=30.00 W, ft=18488.0
[E_HybridBarrageDeception] [air_defense_battery_3r1j] seed=2: wall=97.6 ns, det=15.0%, comms=2.1%, bt=145 m, pwr=30.00 W, ft=19132.0
[E_HybridBarrageDeception] [air_defense_battery_3r1j] seed=3: wall=95.7 ns, det=15.0%, comms=2.1%, bt=145 m, pwr=30.00 W, ft=18814.0
[E_HybridBarrageDeception] [air_defense_battery_3r1j] seed=4: wall=139.3 ns, det=15.0%, comms=2.2%, bt=145 m, pwr=30.00 W, ft=18552.0
[E_HybridBarrageDeception] [air_defense_battery_3r1j] seed=5: wall=104.6 ns, det=15.0%, comms=2.1%, bt=145 m, pwr=30.00 W, ft=18713.0
[E_HybridBarrageDeception] [strike_package_5a3j_escort] seed=1: wall=272.4 ns, det=15.0%, comms=0.3%, bt=71 m, pwr=75.00 W, ft=2616840.0
[E_HybridBarrageDeception] [strike_package_5a3j_escort] seed=2: wall=232.6 ns, det=15.0%, comms=0.3%, bt=71 m, pwr=75.00 W, ft=2680697.0
[E_HybridBarrageDeception] [strike_package_5a3j_escort] seed=3: wall=242.9 ns, det=15.0%, comms=0.3%, bt=71 m, pwr=75.00 W, ft=2424923.0
[E_HybridBarrageDeception] [strike_package_5a3j_escort] seed=4: wall=230.5 ns, det=15.0%, comms=0.3%, bt=71 m, pwr=75.00 W, ft=2614505.0
[E_HybridBarrageDeception] [strike_package_5a3j_escort] seed=5: wall=222.8 ns, det=15.0%, comms=0.3%, bt=71 m, pwr=75.00 W, ft=2625636.0
[E_HybridBarrageDeception] [ground_force_defense_10j5r] seed=1: wall=637.1 ns, det=15.0%, comms=8.6%, bt=92 m, pwr=100.00 W, ft=377675.0
[E_HybridBarrageDeception] [ground_force_defense_10j5r] seed=2: wall=661.6 ns, det=15.0%, comms=5.0%, bt=92 m, pwr=100.00 W, ft=474533.0
[E_HybridBarrageDeception] [ground_force_defense_10j5r] seed=3: wall=669.3 ns, det=15.0%, comms=3.5%, bt=92 m, pwr=100.00 W, ft=394052.0
[E_HybridBarrageDeception] [ground_force_defense_10j5r] seed=4: wall=689.8 ns, det=15.0%, comms=8.2%, bt=92 m, pwr=100.00 W, ft=431632.0
[E_HybridBarrageDeception] [ground_force_defense_10j5r] seed=5: wall=744.6 ns, det=15.0%, comms=4.8%, bt=92 m, pwr=100.00 W, ft=391386.0
[E_HybridBarrageDeception] [ew_duel_2j2r_freq_agile] seed=1: wall=158.9 ns, det=15.0%, comms=0.1%, bt=65 m, pwr=32.00 W, ft=2639926.0
[E_HybridBarrageDeception] [ew_duel_2j2r_freq_agile] seed=2: wall=153.8 ns, det=15.0%, comms=0.0%, bt=65 m, pwr=32.00 W, ft=4230848.0
[E_HybridBarrageDeception] [ew_duel_2j2r_freq_agile] seed=3: wall=145.4 ns, det=15.0%, comms=0.2%, bt=65 m, pwr=32.00 W, ft=2127696.0
[E_HybridBarrageDeception] [ew_duel_2j2r_freq_agile] seed=4: wall=149.7 ns, det=15.0%, comms=0.1%, bt=65 m, pwr=32.00 W, ft=3438958.0
[E_HybridBarrageDeception] [ew_duel_2j2r_freq_agile] seed=5: wall=151.4 ns, det=15.0%, comms=0.1%, bt=65 m, pwr=32.00 W, ft=2980322.0

Results written to build/results.csv (125,001 rows = 1 header + 125,000 data)
