2026-06-21-eye-tracked-foveated — standalone CPU foveation simulator
Strategies=4 Scenes=5 Seeds=5 Extents=3 Iterations=1000 Warmup=10
Total configs: 300 (= 4 strategies × 5 scenes × 5 seeds × 3 extents)
Total measurements: 300 (= 300 configs × 1000 iters)
Tile size: 16×16 (matches Vulkan min tile size on most HW)

[  1] A_None          uniform_floor   seed=1      1080p  cost_ratio=1.0074 savings= -0.74% (8742 us)
[  2] A_None          uniform_floor   seed=1      1440p  cost_ratio=1.0000 savings=  0.00% (14252 us)
[  3] A_None          uniform_floor   seed=1      4K     cost_ratio=1.0000 savings=  0.00% (31079 us)
[  4] A_None          uniform_floor   seed=7      1080p  cost_ratio=1.0074 savings= -0.74% (8329 us)
[  5] A_None          uniform_floor   seed=7      1440p  cost_ratio=1.0000 savings=  0.00% (13891 us)
[  6] A_None          uniform_floor   seed=7      4K     cost_ratio=1.0000 savings=  0.00% (30078 us)
[  7] A_None          uniform_floor   seed=42     1080p  cost_ratio=1.0074 savings= -0.74% (9003 us)
[  8] A_None          uniform_floor   seed=42     1440p  cost_ratio=1.0000 savings=  0.00% (14719 us)
[  9] A_None          uniform_floor   seed=42     4K     cost_ratio=1.0000 savings=  0.00% (30507 us)
[ 10] A_None          uniform_floor   seed=1234   1080p  cost_ratio=1.0074 savings= -0.74% (8335 us)
[ 11] A_None          uniform_floor   seed=1234   1440p  cost_ratio=1.0000 savings=  0.00% (14099 us)
[ 12] A_None          uniform_floor   seed=1234   4K     cost_ratio=1.0000 savings=  0.00% (29730 us)
[ 13] A_None          uniform_floor   seed=31337  1080p  cost_ratio=1.0074 savings= -0.74% (8213 us)
[ 14] A_None          uniform_floor   seed=31337  1440p  cost_ratio=1.0000 savings=  0.00% (14093 us)
[ 15] A_None          uniform_floor   seed=31337  4K     cost_ratio=1.0000 savings=  0.00% (29683 us)
[ 16] A_None          forest_floor    seed=1      1080p  cost_ratio=1.0074 savings= -0.74% (8320 us)
[ 17] A_None          forest_floor    seed=1      1440p  cost_ratio=1.0000 savings=  0.00% (13687 us)
[ 18] A_None          forest_floor    seed=1      4K     cost_ratio=1.0000 savings=  0.00% (30051 us)
[ 19] A_None          forest_floor    seed=7      1080p  cost_ratio=1.0074 savings= -0.74% (8260 us)
[ 20] A_None          forest_floor    seed=7      1440p  cost_ratio=1.0000 savings=  0.00% (15973 us)
[ 21] A_None          forest_floor    seed=7      4K     cost_ratio=1.0000 savings=  0.00% (32178 us)
[ 22] A_None          forest_floor    seed=42     1080p  cost_ratio=1.0074 savings= -0.74% (9259 us)
[ 23] A_None          forest_floor    seed=42     1440p  cost_ratio=1.0000 savings=  0.00% (15287 us)
[ 24] A_None          forest_floor    seed=42     4K     cost_ratio=1.0000 savings=  0.00% (32041 us)
[ 25] A_None          forest_floor    seed=1234   1080p  cost_ratio=1.0074 savings= -0.74% (8226 us)
[ 26] A_None          forest_floor    seed=1234   1440p  cost_ratio=1.0000 savings=  0.00% (13998 us)
[ 27] A_None          forest_floor    seed=1234   4K     cost_ratio=1.0000 savings=  0.00% (31247 us)
[ 28] A_None          forest_floor    seed=31337  1080p  cost_ratio=1.0074 savings= -0.74% (10069 us)
[ 29] A_None          forest_floor    seed=31337  1440p  cost_ratio=1.0000 savings=  0.00% (14449 us)
[ 30] A_None          forest_floor    seed=31337  4K     cost_ratio=1.0000 savings=  0.00% (31066 us)
[ 31] A_None          cave_stress     seed=1      1080p  cost_ratio=1.0074 savings= -0.74% (8117 us)
[ 32] A_None          cave_stress     seed=1      1440p  cost_ratio=1.0000 savings=  0.00% (13655 us)
[ 33] A_None          cave_stress     seed=1      4K     cost_ratio=1.0000 savings=  0.00% (31430 us)
[ 34] A_None          cave_stress     seed=7      1080p  cost_ratio=1.0074 savings= -0.74% (8310 us)
[ 35] A_None          cave_stress     seed=7      1440p  cost_ratio=1.0000 savings=  0.00% (15125 us)
[ 36] A_None          cave_stress     seed=7      4K     cost_ratio=1.0000 savings=  0.00% (29779 us)
[ 37] A_None          cave_stress     seed=42     1080p  cost_ratio=1.0074 savings= -0.74% (8093 us)
[ 38] A_None          cave_stress     seed=42     1440p  cost_ratio=1.0000 savings=  0.00% (13591 us)
[ 39] A_None          cave_stress     seed=42     4K     cost_ratio=1.0000 savings=  0.00% (30853 us)
[ 40] A_None          cave_stress     seed=1234   1080p  cost_ratio=1.0074 savings= -0.74% (8144 us)
[ 41] A_None          cave_stress     seed=1234   1440p  cost_ratio=1.0000 savings=  0.00% (13787 us)
[ 42] A_None          cave_stress     seed=1234   4K     cost_ratio=1.0000 savings=  0.00% (32802 us)
[ 43] A_None          cave_stress     seed=31337  1080p  cost_ratio=1.0074 savings= -0.74% (8757 us)
[ 44] A_None          cave_stress     seed=31337  1440p  cost_ratio=1.0000 savings=  0.00% (14735 us)
[ 45] A_None          cave_stress     seed=31337  4K     cost_ratio=1.0000 savings=  0.00% (30660 us)
[ 46] A_None          mixed_biome     seed=1      1080p  cost_ratio=1.0074 savings= -0.74% (8194 us)
[ 47] A_None          mixed_biome     seed=1      1440p  cost_ratio=1.0000 savings=  0.00% (13750 us)
[ 48] A_None          mixed_biome     seed=1      4K     cost_ratio=1.0000 savings=  0.00% (29897 us)
[ 49] A_None          mixed_biome     seed=7      1080p  cost_ratio=1.0074 savings= -0.74% (8363 us)
[ 50] A_None          mixed_biome     seed=7      1440p  cost_ratio=1.0000 savings=  0.00% (14123 us)
[ 51] A_None          mixed_biome     seed=7      4K     cost_ratio=1.0000 savings=  0.00% (31088 us)
[ 52] A_None          mixed_biome     seed=42     1080p  cost_ratio=1.0074 savings= -0.74% (8300 us)
[ 53] A_None          mixed_biome     seed=42     1440p  cost_ratio=1.0000 savings=  0.00% (14458 us)
[ 54] A_None          mixed_biome     seed=42     4K     cost_ratio=1.0000 savings=  0.00% (31878 us)
[ 55] A_None          mixed_biome     seed=1234   1080p  cost_ratio=1.0074 savings= -0.74% (8630 us)
[ 56] A_None          mixed_biome     seed=1234   1440p  cost_ratio=1.0000 savings=  0.00% (14446 us)
[ 57] A_None          mixed_biome     seed=1234   4K     cost_ratio=1.0000 savings=  0.00% (30790 us)
[ 58] A_None          mixed_biome     seed=31337  1080p  cost_ratio=1.0074 savings= -0.74% (8277 us)
[ 59] A_None          mixed_biome     seed=31337  1440p  cost_ratio=1.0000 savings=  0.00% (13765 us)
[ 60] A_None          mixed_biome     seed=31337  4K     cost_ratio=1.0000 savings=  0.00% (30058 us)
[ 61] A_None          uniform_air     seed=1      1080p  cost_ratio=1.0074 savings= -0.74% (8303 us)
[ 62] A_None          uniform_air     seed=1      1440p  cost_ratio=1.0000 savings=  0.00% (13802 us)
[ 63] A_None          uniform_air     seed=1      4K     cost_ratio=1.0000 savings=  0.00% (30283 us)
[ 64] A_None          uniform_air     seed=7      1080p  cost_ratio=1.0074 savings= -0.74% (8744 us)
[ 65] A_None          uniform_air     seed=7      1440p  cost_ratio=1.0000 savings=  0.00% (14702 us)
[ 66] A_None          uniform_air     seed=7      4K     cost_ratio=1.0000 savings=  0.00% (31331 us)
[ 67] A_None          uniform_air     seed=42     1080p  cost_ratio=1.0074 savings= -0.74% (8444 us)
[ 68] A_None          uniform_air     seed=42     1440p  cost_ratio=1.0000 savings=  0.00% (13799 us)
[ 69] A_None          uniform_air     seed=42     4K     cost_ratio=1.0000 savings=  0.00% (29935 us)
[ 70] A_None          uniform_air     seed=1234   1080p  cost_ratio=1.0074 savings= -0.74% (8193 us)
[ 71] A_None          uniform_air     seed=1234   1440p  cost_ratio=1.0000 savings=  0.00% (13848 us)
[ 72] A_None          uniform_air     seed=1234   4K     cost_ratio=1.0000 savings=  0.00% (29471 us)
[ 73] A_None          uniform_air     seed=31337  1080p  cost_ratio=1.0074 savings= -0.74% (8166 us)
[ 74] A_None          uniform_air     seed=31337  1440p  cost_ratio=1.0000 savings=  0.00% (13848 us)
[ 75] A_None          uniform_air     seed=31337  4K     cost_ratio=1.0000 savings=  0.00% (33014 us)
[ 76] B_Fixed2x       uniform_floor   seed=1      1080p  cost_ratio=0.3185 savings= 68.15% (8750 us)
[ 77] B_Fixed2x       uniform_floor   seed=1      1440p  cost_ratio=0.3150 savings= 68.50% (14699 us)
[ 78] B_Fixed2x       uniform_floor   seed=1      4K     cost_ratio=0.3167 savings= 68.33% (31444 us)
[ 79] B_Fixed2x       uniform_floor   seed=7      1080p  cost_ratio=0.3185 savings= 68.15% (8661 us)
[ 80] B_Fixed2x       uniform_floor   seed=7      1440p  cost_ratio=0.3150 savings= 68.50% (14450 us)
[ 81] B_Fixed2x       uniform_floor   seed=7      4K     cost_ratio=0.3167 savings= 68.33% (31189 us)
[ 82] B_Fixed2x       uniform_floor   seed=42     1080p  cost_ratio=0.3185 savings= 68.15% (8667 us)
[ 83] B_Fixed2x       uniform_floor   seed=42     1440p  cost_ratio=0.3150 savings= 68.50% (14601 us)
[ 84] B_Fixed2x       uniform_floor   seed=42     4K     cost_ratio=0.3167 savings= 68.33% (31622 us)
[ 85] B_Fixed2x       uniform_floor   seed=1234   1080p  cost_ratio=0.3185 savings= 68.15% (8677 us)
[ 86] B_Fixed2x       uniform_floor   seed=1234   1440p  cost_ratio=0.3150 savings= 68.50% (14597 us)
[ 87] B_Fixed2x       uniform_floor   seed=1234   4K     cost_ratio=0.3167 savings= 68.33% (31129 us)
[ 88] B_Fixed2x       uniform_floor   seed=31337  1080p  cost_ratio=0.3185 savings= 68.15% (8544 us)
[ 89] B_Fixed2x       uniform_floor   seed=31337  1440p  cost_ratio=0.3150 savings= 68.50% (14452 us)
[ 90] B_Fixed2x       uniform_floor   seed=31337  4K     cost_ratio=0.3167 savings= 68.33% (31505 us)
[ 91] B_Fixed2x       forest_floor    seed=1      1080p  cost_ratio=0.3185 savings= 68.15% (8694 us)
[ 92] B_Fixed2x       forest_floor    seed=1      1440p  cost_ratio=0.3150 savings= 68.50% (15193 us)
[ 93] B_Fixed2x       forest_floor    seed=1      4K     cost_ratio=0.3167 savings= 68.33% (32520 us)
[ 94] B_Fixed2x       forest_floor    seed=7      1080p  cost_ratio=0.3185 savings= 68.15% (8916 us)
[ 95] B_Fixed2x       forest_floor    seed=7      1440p  cost_ratio=0.3150 savings= 68.50% (14547 us)
[ 96] B_Fixed2x       forest_floor    seed=7      4K     cost_ratio=0.3167 savings= 68.33% (33112 us)
[ 97] B_Fixed2x       forest_floor    seed=42     1080p  cost_ratio=0.3185 savings= 68.15% (9086 us)
[ 98] B_Fixed2x       forest_floor    seed=42     1440p  cost_ratio=0.3150 savings= 68.50% (14741 us)
[ 99] B_Fixed2x       forest_floor    seed=42     4K     cost_ratio=0.3167 savings= 68.33% (31878 us)
[100] B_Fixed2x       forest_floor    seed=1234   1080p  cost_ratio=0.3185 savings= 68.15% (10489 us)
[101] B_Fixed2x       forest_floor    seed=1234   1440p  cost_ratio=0.3150 savings= 68.50% (14677 us)
[102] B_Fixed2x       forest_floor    seed=1234   4K     cost_ratio=0.3167 savings= 68.33% (33158 us)
[103] B_Fixed2x       forest_floor    seed=31337  1080p  cost_ratio=0.3185 savings= 68.15% (9321 us)
[104] B_Fixed2x       forest_floor    seed=31337  1440p  cost_ratio=0.3150 savings= 68.50% (15499 us)
[105] B_Fixed2x       forest_floor    seed=31337  4K     cost_ratio=0.3167 savings= 68.33% (32784 us)
[106] B_Fixed2x       cave_stress     seed=1      1080p  cost_ratio=0.3185 savings= 68.15% (8916 us)
[107] B_Fixed2x       cave_stress     seed=1      1440p  cost_ratio=0.3150 savings= 68.50% (14913 us)
[108] B_Fixed2x       cave_stress     seed=1      4K     cost_ratio=0.3167 savings= 68.33% (31864 us)
[109] B_Fixed2x       cave_stress     seed=7      1080p  cost_ratio=0.3185 savings= 68.15% (8780 us)
[110] B_Fixed2x       cave_stress     seed=7      1440p  cost_ratio=0.3150 savings= 68.50% (14586 us)
[111] B_Fixed2x       cave_stress     seed=7      4K     cost_ratio=0.3167 savings= 68.33% (31594 us)
[112] B_Fixed2x       cave_stress     seed=42     1080p  cost_ratio=0.3185 savings= 68.15% (8750 us)
[113] B_Fixed2x       cave_stress     seed=42     1440p  cost_ratio=0.3150 savings= 68.50% (14816 us)
[114] B_Fixed2x       cave_stress     seed=42     4K     cost_ratio=0.3167 savings= 68.33% (31804 us)
[115] B_Fixed2x       cave_stress     seed=1234   1080p  cost_ratio=0.3185 savings= 68.15% (8592 us)
[116] B_Fixed2x       cave_stress     seed=1234   1440p  cost_ratio=0.3150 savings= 68.50% (14571 us)
[117] B_Fixed2x       cave_stress     seed=1234   4K     cost_ratio=0.3167 savings= 68.33% (32701 us)
[118] B_Fixed2x       cave_stress     seed=31337  1080p  cost_ratio=0.3185 savings= 68.15% (8776 us)
[119] B_Fixed2x       cave_stress     seed=31337  1440p  cost_ratio=0.3150 savings= 68.50% (14530 us)
[120] B_Fixed2x       cave_stress     seed=31337  4K     cost_ratio=0.3167 savings= 68.33% (33401 us)
[121] B_Fixed2x       mixed_biome     seed=1      1080p  cost_ratio=0.3185 savings= 68.15% (9411 us)
[122] B_Fixed2x       mixed_biome     seed=1      1440p  cost_ratio=0.3150 savings= 68.50% (16262 us)
[123] B_Fixed2x       mixed_biome     seed=1      4K     cost_ratio=0.3167 savings= 68.33% (34344 us)
[124] B_Fixed2x       mixed_biome     seed=7      1080p  cost_ratio=0.3185 savings= 68.15% (8770 us)
[125] B_Fixed2x       mixed_biome     seed=7      1440p  cost_ratio=0.3150 savings= 68.50% (14781 us)
[126] B_Fixed2x       mixed_biome     seed=7      4K     cost_ratio=0.3167 savings= 68.33% (34684 us)
[127] B_Fixed2x       mixed_biome     seed=42     1080p  cost_ratio=0.3185 savings= 68.15% (10092 us)
[128] B_Fixed2x       mixed_biome     seed=42     1440p  cost_ratio=0.3150 savings= 68.50% (17016 us)
[129] B_Fixed2x       mixed_biome     seed=42     4K     cost_ratio=0.3167 savings= 68.33% (31823 us)
[130] B_Fixed2x       mixed_biome     seed=1234   1080p  cost_ratio=0.3185 savings= 68.15% (8686 us)
[131] B_Fixed2x       mixed_biome     seed=1234   1440p  cost_ratio=0.3150 savings= 68.50% (14559 us)
[132] B_Fixed2x       mixed_biome     seed=1234   4K     cost_ratio=0.3167 savings= 68.33% (33197 us)
[133] B_Fixed2x       mixed_biome     seed=31337  1080p  cost_ratio=0.3185 savings= 68.15% (9215 us)
[134] B_Fixed2x       mixed_biome     seed=31337  1440p  cost_ratio=0.3150 savings= 68.50% (15005 us)
[135] B_Fixed2x       mixed_biome     seed=31337  4K     cost_ratio=0.3167 savings= 68.33% (32951 us)
[136] B_Fixed2x       uniform_air     seed=1      1080p  cost_ratio=0.3185 savings= 68.15% (8716 us)
[137] B_Fixed2x       uniform_air     seed=1      1440p  cost_ratio=0.3150 savings= 68.50% (14934 us)
[138] B_Fixed2x       uniform_air     seed=1      4K     cost_ratio=0.3167 savings= 68.33% (33216 us)
[139] B_Fixed2x       uniform_air     seed=7      1080p  cost_ratio=0.3185 savings= 68.15% (8708 us)
[140] B_Fixed2x       uniform_air     seed=7      1440p  cost_ratio=0.3150 savings= 68.50% (14798 us)
[141] B_Fixed2x       uniform_air     seed=7      4K     cost_ratio=0.3167 savings= 68.33% (31769 us)
[142] B_Fixed2x       uniform_air     seed=42     1080p  cost_ratio=0.3185 savings= 68.15% (8558 us)
[143] B_Fixed2x       uniform_air     seed=42     1440p  cost_ratio=0.3150 savings= 68.50% (14477 us)
[144] B_Fixed2x       uniform_air     seed=42     4K     cost_ratio=0.3167 savings= 68.33% (33881 us)
[145] B_Fixed2x       uniform_air     seed=1234   1080p  cost_ratio=0.3185 savings= 68.15% (9673 us)
[146] B_Fixed2x       uniform_air     seed=1234   1440p  cost_ratio=0.3150 savings= 68.50% (14840 us)
[147] B_Fixed2x       uniform_air     seed=1234   4K     cost_ratio=0.3167 savings= 68.33% (32477 us)
[148] B_Fixed2x       uniform_air     seed=31337  1080p  cost_ratio=0.3185 savings= 68.15% (9324 us)
[149] B_Fixed2x       uniform_air     seed=31337  1440p  cost_ratio=0.3150 savings= 68.50% (16342 us)
[150] B_Fixed2x       uniform_air     seed=31337  4K     cost_ratio=0.3167 savings= 68.33% (34186 us)
[151] C_Gaze2x        uniform_floor   seed=1      1080p  cost_ratio=0.1594 savings= 84.06% (27811 us)
[152] C_Gaze2x        uniform_floor   seed=1      1440p  cost_ratio=0.1582 savings= 84.18% (44219 us)
[153] C_Gaze2x        uniform_floor   seed=1      4K     cost_ratio=0.1582 savings= 84.18% (105381 us)
[154] C_Gaze2x        uniform_floor   seed=7      1080p  cost_ratio=0.1594 savings= 84.06% (25125 us)
[155] C_Gaze2x        uniform_floor   seed=7      1440p  cost_ratio=0.1582 savings= 84.18% (44008 us)
[156] C_Gaze2x        uniform_floor   seed=7      4K     cost_ratio=0.1582 savings= 84.18% (107201 us)
[157] C_Gaze2x        uniform_floor   seed=42     1080p  cost_ratio=0.1594 savings= 84.06% (24773 us)
[158] C_Gaze2x        uniform_floor   seed=42     1440p  cost_ratio=0.1582 savings= 84.18% (45717 us)
[159] C_Gaze2x        uniform_floor   seed=42     4K     cost_ratio=0.1582 savings= 84.18% (99363 us)
[160] C_Gaze2x        uniform_floor   seed=1234   1080p  cost_ratio=0.1594 savings= 84.06% (25359 us)
[161] C_Gaze2x        uniform_floor   seed=1234   1440p  cost_ratio=0.1582 savings= 84.18% (43823 us)
[162] C_Gaze2x        uniform_floor   seed=1234   4K     cost_ratio=0.1582 savings= 84.18% (101131 us)
[163] C_Gaze2x        uniform_floor   seed=31337  1080p  cost_ratio=0.1594 savings= 84.06% (26097 us)
[164] C_Gaze2x        uniform_floor   seed=31337  1440p  cost_ratio=0.1582 savings= 84.18% (47819 us)
[165] C_Gaze2x        uniform_floor   seed=31337  4K     cost_ratio=0.1582 savings= 84.18% (103885 us)
[166] C_Gaze2x        forest_floor    seed=1      1080p  cost_ratio=0.1594 savings= 84.06% (26129 us)
[167] C_Gaze2x        forest_floor    seed=1      1440p  cost_ratio=0.1582 savings= 84.18% (46606 us)
[168] C_Gaze2x        forest_floor    seed=1      4K     cost_ratio=0.1582 savings= 84.18% (102527 us)
[169] C_Gaze2x        forest_floor    seed=7      1080p  cost_ratio=0.1594 savings= 84.06% (27745 us)
[170] C_Gaze2x        forest_floor    seed=7      1440p  cost_ratio=0.1582 savings= 84.18% (45911 us)
[171] C_Gaze2x        forest_floor    seed=7      4K     cost_ratio=0.1582 savings= 84.18% (102772 us)
[172] C_Gaze2x        forest_floor    seed=42     1080p  cost_ratio=0.1594 savings= 84.06% (25493 us)
[173] C_Gaze2x        forest_floor    seed=42     1440p  cost_ratio=0.1582 savings= 84.18% (42320 us)
[174] C_Gaze2x        forest_floor    seed=42     4K     cost_ratio=0.1582 savings= 84.18% (100799 us)
[175] C_Gaze2x        forest_floor    seed=1234   1080p  cost_ratio=0.1594 savings= 84.06% (26396 us)
[176] C_Gaze2x        forest_floor    seed=1234   1440p  cost_ratio=0.1582 savings= 84.18% (42767 us)
[177] C_Gaze2x        forest_floor    seed=1234   4K     cost_ratio=0.1582 savings= 84.18% (101498 us)
[178] C_Gaze2x        forest_floor    seed=31337  1080p  cost_ratio=0.1594 savings= 84.06% (29014 us)
[179] C_Gaze2x        forest_floor    seed=31337  1440p  cost_ratio=0.1582 savings= 84.18% (45953 us)
[180] C_Gaze2x        forest_floor    seed=31337  4K     cost_ratio=0.1582 savings= 84.18% (100144 us)
[181] C_Gaze2x        cave_stress     seed=1      1080p  cost_ratio=0.1594 savings= 84.06% (24472 us)
[182] C_Gaze2x        cave_stress     seed=1      1440p  cost_ratio=0.1582 savings= 84.18% (43592 us)
[183] C_Gaze2x        cave_stress     seed=1      4K     cost_ratio=0.1582 savings= 84.18% (96768 us)
[184] C_Gaze2x        cave_stress     seed=7      1080p  cost_ratio=0.1594 savings= 84.06% (24565 us)
[185] C_Gaze2x        cave_stress     seed=7      1440p  cost_ratio=0.1582 savings= 84.18% (43477 us)
[186] C_Gaze2x        cave_stress     seed=7      4K     cost_ratio=0.1582 savings= 84.18% (94996 us)
[187] C_Gaze2x        cave_stress     seed=42     1080p  cost_ratio=0.1594 savings= 84.06% (25365 us)
[188] C_Gaze2x        cave_stress     seed=42     1440p  cost_ratio=0.1582 savings= 84.18% (44447 us)
[189] C_Gaze2x        cave_stress     seed=42     4K     cost_ratio=0.1582 savings= 84.18% (98097 us)
[190] C_Gaze2x        cave_stress     seed=1234   1080p  cost_ratio=0.1594 savings= 84.06% (25470 us)
[191] C_Gaze2x        cave_stress     seed=1234   1440p  cost_ratio=0.1582 savings= 84.18% (43839 us)
[192] C_Gaze2x        cave_stress     seed=1234   4K     cost_ratio=0.1582 savings= 84.18% (97457 us)
[193] C_Gaze2x        cave_stress     seed=31337  1080p  cost_ratio=0.1594 savings= 84.06% (25128 us)
[194] C_Gaze2x        cave_stress     seed=31337  1440p  cost_ratio=0.1582 savings= 84.18% (44983 us)
[195] C_Gaze2x        cave_stress     seed=31337  4K     cost_ratio=0.1582 savings= 84.18% (99668 us)
[196] C_Gaze2x        mixed_biome     seed=1      1080p  cost_ratio=0.1594 savings= 84.06% (24712 us)
[197] C_Gaze2x        mixed_biome     seed=1      1440p  cost_ratio=0.1582 savings= 84.18% (44327 us)
[198] C_Gaze2x        mixed_biome     seed=1      4K     cost_ratio=0.1582 savings= 84.18% (99504 us)
[199] C_Gaze2x        mixed_biome     seed=7      1080p  cost_ratio=0.1594 savings= 84.06% (26569 us)
[200] C_Gaze2x        mixed_biome     seed=7      1440p  cost_ratio=0.1582 savings= 84.18% (45721 us)
[201] C_Gaze2x        mixed_biome     seed=7      4K     cost_ratio=0.1582 savings= 84.18% (101140 us)
[202] C_Gaze2x        mixed_biome     seed=42     1080p  cost_ratio=0.1594 savings= 84.06% (26277 us)
[203] C_Gaze2x        mixed_biome     seed=42     1440p  cost_ratio=0.1582 savings= 84.18% (44939 us)
[204] C_Gaze2x        mixed_biome     seed=42     4K     cost_ratio=0.1582 savings= 84.18% (101084 us)
[205] C_Gaze2x        mixed_biome     seed=1234   1080p  cost_ratio=0.1594 savings= 84.06% (26659 us)
[206] C_Gaze2x        mixed_biome     seed=1234   1440p  cost_ratio=0.1582 savings= 84.18% (45738 us)
[207] C_Gaze2x        mixed_biome     seed=1234   4K     cost_ratio=0.1582 savings= 84.18% (97581 us)
[208] C_Gaze2x        mixed_biome     seed=31337  1080p  cost_ratio=0.1594 savings= 84.06% (25494 us)
[209] C_Gaze2x        mixed_biome     seed=31337  1440p  cost_ratio=0.1582 savings= 84.18% (47858 us)
[210] C_Gaze2x        mixed_biome     seed=31337  4K     cost_ratio=0.1582 savings= 84.18% (98431 us)
[211] C_Gaze2x        uniform_air     seed=1      1080p  cost_ratio=0.1594 savings= 84.06% (25740 us)
[212] C_Gaze2x        uniform_air     seed=1      1440p  cost_ratio=0.1582 savings= 84.18% (42976 us)
[213] C_Gaze2x        uniform_air     seed=1      4K     cost_ratio=0.1582 savings= 84.18% (97338 us)
[214] C_Gaze2x        uniform_air     seed=7      1080p  cost_ratio=0.1594 savings= 84.06% (24720 us)
[215] C_Gaze2x        uniform_air     seed=7      1440p  cost_ratio=0.1582 savings= 84.18% (44375 us)
[216] C_Gaze2x        uniform_air     seed=7      4K     cost_ratio=0.1582 savings= 84.18% (98253 us)
[217] C_Gaze2x        uniform_air     seed=42     1080p  cost_ratio=0.1594 savings= 84.06% (26071 us)
[218] C_Gaze2x        uniform_air     seed=42     1440p  cost_ratio=0.1582 savings= 84.18% (43813 us)
[219] C_Gaze2x        uniform_air     seed=42     4K     cost_ratio=0.1582 savings= 84.18% (96482 us)
[220] C_Gaze2x        uniform_air     seed=1234   1080p  cost_ratio=0.1594 savings= 84.06% (25184 us)
[221] C_Gaze2x        uniform_air     seed=1234   1440p  cost_ratio=0.1582 savings= 84.18% (43610 us)
[222] C_Gaze2x        uniform_air     seed=1234   4K     cost_ratio=0.1582 savings= 84.18% (98721 us)
[223] C_Gaze2x        uniform_air     seed=31337  1080p  cost_ratio=0.1594 savings= 84.06% (26372 us)
[224] C_Gaze2x        uniform_air     seed=31337  1440p  cost_ratio=0.1582 savings= 84.18% (44550 us)
[225] C_Gaze2x        uniform_air     seed=31337  4K     cost_ratio=0.1582 savings= 84.18% (95957 us)
[226] D_Gaze4x        uniform_floor   seed=1      1080p  cost_ratio=0.1594 savings= 84.06% (25134 us)
[227] D_Gaze4x        uniform_floor   seed=1      1440p  cost_ratio=0.1582 savings= 84.18% (44054 us)
[228] D_Gaze4x        uniform_floor   seed=1      4K     cost_ratio=0.1582 savings= 84.18% (97330 us)
[229] D_Gaze4x        uniform_floor   seed=7      1080p  cost_ratio=0.1594 savings= 84.06% (25186 us)
[230] D_Gaze4x        uniform_floor   seed=7      1440p  cost_ratio=0.1582 savings= 84.18% (44095 us)
[231] D_Gaze4x        uniform_floor   seed=7      4K     cost_ratio=0.1582 savings= 84.18% (96588 us)
[232] D_Gaze4x        uniform_floor   seed=42     1080p  cost_ratio=0.1594 savings= 84.06% (24799 us)
[233] D_Gaze4x        uniform_floor   seed=42     1440p  cost_ratio=0.1582 savings= 84.18% (42913 us)
[234] D_Gaze4x        uniform_floor   seed=42     4K     cost_ratio=0.1582 savings= 84.18% (95753 us)
[235] D_Gaze4x        uniform_floor   seed=1234   1080p  cost_ratio=0.1594 savings= 84.06% (25443 us)
[236] D_Gaze4x        uniform_floor   seed=1234   1440p  cost_ratio=0.1582 savings= 84.18% (42784 us)
[237] D_Gaze4x        uniform_floor   seed=1234   4K     cost_ratio=0.1582 savings= 84.18% (95388 us)
[238] D_Gaze4x        uniform_floor   seed=31337  1080p  cost_ratio=0.1594 savings= 84.06% (24834 us)
[239] D_Gaze4x        uniform_floor   seed=31337  1440p  cost_ratio=0.1582 savings= 84.18% (45663 us)
[240] D_Gaze4x        uniform_floor   seed=31337  4K     cost_ratio=0.1582 savings= 84.18% (96873 us)
[241] D_Gaze4x        forest_floor    seed=1      1080p  cost_ratio=0.1594 savings= 84.06% (26078 us)
[242] D_Gaze4x        forest_floor    seed=1      1440p  cost_ratio=0.1582 savings= 84.18% (45171 us)
[243] D_Gaze4x        forest_floor    seed=1      4K     cost_ratio=0.1582 savings= 84.18% (96291 us)
[244] D_Gaze4x        forest_floor    seed=7      1080p  cost_ratio=0.1594 savings= 84.06% (24807 us)
[245] D_Gaze4x        forest_floor    seed=7      1440p  cost_ratio=0.1582 savings= 84.18% (42731 us)
[246] D_Gaze4x        forest_floor    seed=7      4K     cost_ratio=0.1582 savings= 84.18% (96007 us)
[247] D_Gaze4x        forest_floor    seed=42     1080p  cost_ratio=0.1594 savings= 84.06% (25534 us)
[248] D_Gaze4x        forest_floor    seed=42     1440p  cost_ratio=0.1582 savings= 84.18% (43318 us)
[249] D_Gaze4x        forest_floor    seed=42     4K     cost_ratio=0.1582 savings= 84.18% (97090 us)
[250] D_Gaze4x        forest_floor    seed=1234   1080p  cost_ratio=0.1594 savings= 84.06% (25339 us)
[251] D_Gaze4x        forest_floor    seed=1234   1440p  cost_ratio=0.1582 savings= 84.18% (43264 us)
[252] D_Gaze4x        forest_floor    seed=1234   4K     cost_ratio=0.1582 savings= 84.18% (94643 us)
[253] D_Gaze4x        forest_floor    seed=31337  1080p  cost_ratio=0.1594 savings= 84.06% (24789 us)
[254] D_Gaze4x        forest_floor    seed=31337  1440p  cost_ratio=0.1582 savings= 84.18% (43147 us)
[255] D_Gaze4x        forest_floor    seed=31337  4K     cost_ratio=0.1582 savings= 84.18% (97418 us)
[256] D_Gaze4x        cave_stress     seed=1      1080p  cost_ratio=0.1594 savings= 84.06% (25177 us)
[257] D_Gaze4x        cave_stress     seed=1      1440p  cost_ratio=0.1582 savings= 84.18% (43689 us)
[258] D_Gaze4x        cave_stress     seed=1      4K     cost_ratio=0.1582 savings= 84.18% (96701 us)
[259] D_Gaze4x        cave_stress     seed=7      1080p  cost_ratio=0.1594 savings= 84.06% (26562 us)
[260] D_Gaze4x        cave_stress     seed=7      1440p  cost_ratio=0.1582 savings= 84.18% (45276 us)
[261] D_Gaze4x        cave_stress     seed=7      4K     cost_ratio=0.1582 savings= 84.18% (99493 us)
[262] D_Gaze4x        cave_stress     seed=42     1080p  cost_ratio=0.1594 savings= 84.06% (26254 us)
[263] D_Gaze4x        cave_stress     seed=42     1440p  cost_ratio=0.1582 savings= 84.18% (44754 us)
[264] D_Gaze4x        cave_stress     seed=42     4K     cost_ratio=0.1582 savings= 84.18% (95793 us)
[265] D_Gaze4x        cave_stress     seed=1234   1080p  cost_ratio=0.1594 savings= 84.06% (25862 us)
[266] D_Gaze4x        cave_stress     seed=1234   1440p  cost_ratio=0.1582 savings= 84.18% (43554 us)
[267] D_Gaze4x        cave_stress     seed=1234   4K     cost_ratio=0.1582 savings= 84.18% (96185 us)
[268] D_Gaze4x        cave_stress     seed=31337  1080p  cost_ratio=0.1594 savings= 84.06% (25445 us)
[269] D_Gaze4x        cave_stress     seed=31337  1440p  cost_ratio=0.1582 savings= 84.18% (43642 us)
[270] D_Gaze4x        cave_stress     seed=31337  4K     cost_ratio=0.1582 savings= 84.18% (96543 us)
[271] D_Gaze4x        mixed_biome     seed=1      1080p  cost_ratio=0.1594 savings= 84.06% (26043 us)
[272] D_Gaze4x        mixed_biome     seed=1      1440p  cost_ratio=0.1582 savings= 84.18% (43797 us)
[273] D_Gaze4x        mixed_biome     seed=1      4K     cost_ratio=0.1582 savings= 84.18% (98215 us)
[274] D_Gaze4x        mixed_biome     seed=7      1080p  cost_ratio=0.1594 savings= 84.06% (25191 us)
[275] D_Gaze4x        mixed_biome     seed=7      1440p  cost_ratio=0.1582 savings= 84.18% (44022 us)
[276] D_Gaze4x        mixed_biome     seed=7      4K     cost_ratio=0.1582 savings= 84.18% (99477 us)
[277] D_Gaze4x        mixed_biome     seed=42     1080p  cost_ratio=0.1594 savings= 84.06% (26746 us)
[278] D_Gaze4x        mixed_biome     seed=42     1440p  cost_ratio=0.1582 savings= 84.18% (44906 us)
[279] D_Gaze4x        mixed_biome     seed=42     4K     cost_ratio=0.1582 savings= 84.18% (96626 us)
[280] D_Gaze4x        mixed_biome     seed=1234   1080p  cost_ratio=0.1594 savings= 84.06% (25070 us)
[281] D_Gaze4x        mixed_biome     seed=1234   1440p  cost_ratio=0.1582 savings= 84.18% (42906 us)
[282] D_Gaze4x        mixed_biome     seed=1234   4K     cost_ratio=0.1582 savings= 84.18% (96195 us)
[283] D_Gaze4x        mixed_biome     seed=31337  1080p  cost_ratio=0.1594 savings= 84.06% (25275 us)
[284] D_Gaze4x        mixed_biome     seed=31337  1440p  cost_ratio=0.1582 savings= 84.18% (43332 us)
[285] D_Gaze4x        mixed_biome     seed=31337  4K     cost_ratio=0.1582 savings= 84.18% (96896 us)
[286] D_Gaze4x        uniform_air     seed=1      1080p  cost_ratio=0.1594 savings= 84.06% (25634 us)
[287] D_Gaze4x        uniform_air     seed=1      1440p  cost_ratio=0.1582 savings= 84.18% (43502 us)
[288] D_Gaze4x        uniform_air     seed=1      4K     cost_ratio=0.1582 savings= 84.18% (97369 us)
[289] D_Gaze4x        uniform_air     seed=7      1080p  cost_ratio=0.1594 savings= 84.06% (25266 us)
[290] D_Gaze4x        uniform_air     seed=7      1440p  cost_ratio=0.1582 savings= 84.18% (43323 us)
[291] D_Gaze4x        uniform_air     seed=7      4K     cost_ratio=0.1582 savings= 84.18% (96178 us)
[292] D_Gaze4x        uniform_air     seed=42     1080p  cost_ratio=0.1594 savings= 84.06% (25030 us)
[293] D_Gaze4x        uniform_air     seed=42     1440p  cost_ratio=0.1582 savings= 84.18% (43122 us)
[294] D_Gaze4x        uniform_air     seed=42     4K     cost_ratio=0.1582 savings= 84.18% (95269 us)
[295] D_Gaze4x        uniform_air     seed=1234   1080p  cost_ratio=0.1594 savings= 84.06% (26698 us)
[296] D_Gaze4x        uniform_air     seed=1234   1440p  cost_ratio=0.1582 savings= 84.18% (45962 us)
[297] D_Gaze4x        uniform_air     seed=1234   4K     cost_ratio=0.1582 savings= 84.18% (96598 us)
[298] D_Gaze4x        uniform_air     seed=31337  1080p  cost_ratio=0.1594 savings= 84.06% (25173 us)
[299] D_Gaze4x        uniform_air     seed=31337  1440p  cost_ratio=0.1582 savings= 84.18% (43421 us)
[300] D_Gaze4x        uniform_air     seed=31337  4K     cost_ratio=0.1582 savings= 84.18% (96526 us)

========================================
Done: 300 configs x 1000 iters = 300000 measurements
Wall time: 11.168 s (37209.9 us avg/config)
Output: build/results.csv (301 rows × 23 cols)
========================================
